
Memory Configuration

Name             Origin             Length             Attributes
*default*        0x0000000000000000 0xffffffffffffffff

Linker script and memory map

                0x0000000000000000                . = 0x0

.text           0x0000000000000000      0x284
 *(vector_start)
 *(text .rodata)
 .rodata        0x0000000000000000        0xf build/Main.o
 *fill*         0x000000000000000f        0x1 
 .text          0x0000000000000010       0xd4 build/Entry.os
                0x0000000000000010                vector_start
                0x000000000000004c                vector_end
 .text          0x00000000000000e4       0x6c build/Main.o
                0x00000000000000e4                main
 .text          0x0000000000000150        0x0 build/Regs.o
 .text          0x0000000000000150       0xd4 build/Uart.o
                0x0000000000000150                Hal_uart_init
                0x00000000000001c8                Hal_uart_put_char
 .text          0x0000000000000224       0x60 build/stdio.o
                0x0000000000000224                putstr

.glue_7         0x0000000000000284        0x0
 .glue_7        0x0000000000000284        0x0 linker stubs

.glue_7t        0x0000000000000284        0x0
 .glue_7t       0x0000000000000284        0x0 linker stubs

.vfp11_veneer   0x0000000000000284        0x0
 .vfp11_veneer  0x0000000000000284        0x0 linker stubs

.v4_bx          0x0000000000000284        0x0
 .v4_bx         0x0000000000000284        0x0 linker stubs

.iplt           0x0000000000000284        0x0
 .iplt          0x0000000000000284        0x0 build/Entry.os

.rel.dyn        0x0000000000000284        0x0
 .rel.iplt      0x0000000000000284        0x0 build/Entry.os

.data           0x0000000000000284        0x4
 *(.data)
 .data          0x0000000000000284        0x0 build/Entry.os
 .data          0x0000000000000284        0x0 build/Main.o
 .data          0x0000000000000284        0x4 build/Regs.o
                0x0000000000000284                Uart
 .data          0x0000000000000288        0x0 build/Uart.o
 .data          0x0000000000000288        0x0 build/stdio.o

.igot.plt       0x0000000000000288        0x0
 .igot.plt      0x0000000000000288        0x0 build/Entry.os

.bss            0x0000000000000288        0x0
 *(.bss)
 .bss           0x0000000000000288        0x0 build/Entry.os
 .bss           0x0000000000000288        0x0 build/Main.o
 .bss           0x0000000000000288        0x0 build/Regs.o
 .bss           0x0000000000000288        0x0 build/Uart.o
 .bss           0x0000000000000288        0x0 build/stdio.o
LOAD build/Entry.os
LOAD build/Main.o
LOAD build/Regs.o
LOAD build/Uart.o
LOAD build/stdio.o
OUTPUT(build/navilos.axf elf32-littlearm)

.ARM.attributes
                0x0000000000000000       0x33
 .ARM.attributes
                0x0000000000000000       0x25 build/Entry.os
 .ARM.attributes
                0x0000000000000025       0x37 build/Main.o
 .ARM.attributes
                0x000000000000005c       0x37 build/Regs.o
 .ARM.attributes
                0x0000000000000093       0x37 build/Uart.o
 .ARM.attributes
                0x00000000000000ca       0x37 build/stdio.o

.comment        0x0000000000000000       0x31
 .comment       0x0000000000000000       0x31 build/Main.o
                                         0x32 (size before relaxing)
 .comment       0x0000000000000031       0x32 build/Regs.o
 .comment       0x0000000000000031       0x32 build/Uart.o
 .comment       0x0000000000000031       0x32 build/stdio.o

.debug_line     0x0000000000000000      0x2d6
 .debug_line    0x0000000000000000       0x6d build/Entry.os
 .debug_line    0x000000000000006d       0x99 build/Main.o
 .debug_line    0x0000000000000106       0x8f build/Regs.o
 .debug_line    0x0000000000000195       0xac build/Uart.o
 .debug_line    0x0000000000000241       0x95 build/stdio.o

.debug_info     0x0000000000000000     0x173c
 .debug_info    0x0000000000000000       0x4d build/Entry.os
 .debug_info    0x000000000000004d       0xb1 build/Main.o
 .debug_info    0x00000000000000fe      0xa96 build/Regs.o
 .debug_info    0x0000000000000b94      0xae2 build/Uart.o
 .debug_info    0x0000000000001676       0xc6 build/stdio.o

.debug_abbrev   0x0000000000000000      0x316
 .debug_abbrev  0x0000000000000000       0x14 build/Entry.os
 .debug_abbrev  0x0000000000000014       0x74 build/Main.o
 .debug_abbrev  0x0000000000000088       0xe4 build/Regs.o
 .debug_abbrev  0x000000000000016c      0x129 build/Uart.o
 .debug_abbrev  0x0000000000000295       0x81 build/stdio.o

.debug_aranges  0x0000000000000000       0x98
 .debug_aranges
                0x0000000000000000       0x20 build/Entry.os
 .debug_aranges
                0x0000000000000020       0x20 build/Main.o
 .debug_aranges
                0x0000000000000040       0x18 build/Regs.o
 .debug_aranges
                0x0000000000000058       0x20 build/Uart.o
 .debug_aranges
                0x0000000000000078       0x20 build/stdio.o

.debug_str      0x0000000000000000      0x428
 .debug_str     0x0000000000000000       0xd0 build/Main.o
                                        0x10d (size before relaxing)
 .debug_str     0x00000000000000d0      0x30b build/Regs.o
                                        0x3ff (size before relaxing)
 .debug_str     0x00000000000003db       0x3a build/Uart.o
                                        0x431 (size before relaxing)
 .debug_str     0x0000000000000415       0x13 build/stdio.o
                                        0x10c (size before relaxing)

.debug_frame    0x0000000000000000       0xcc
 .debug_frame   0x0000000000000000       0x4c build/Main.o
 .debug_frame   0x000000000000004c       0x50 build/Uart.o
 .debug_frame   0x000000000000009c       0x30 build/stdio.o
